// Jest Snapshot v1, https://goo.gl/fbAQLP

exports[`ActivationKeysTable renders correctly 1`] = `
<div>
  <table
    aria-label="ActivationKeys"
    class="pf-v5-c-table pf-m-grid-md"
    data-ouia-component-id="OUIA-Generated-Table-1"
    data-ouia-component-type="PF5/Table"
    data-ouia-safe="true"
    role="grid"
  >
    <thead
      class="pf-v5-c-table__thead"
    >
      <tr
        class="pf-v5-c-table__tr"
        data-ouia-component-id="OUIA-Generated-TableRow-1"
        data-ouia-component-type="PF5/TableRow"
        data-ouia-safe="true"
      >
        <th
          class="pf-v5-c-table__th pf-m-width-40"
          scope="col"
          tabindex="-1"
        >
          Key Name
        </th>
        <th
          class="pf-v5-c-table__th"
          scope="col"
          tabindex="-1"
        >
          Role
        </th>
        <th
          class="pf-v5-c-table__th"
          scope="col"
          tabindex="-1"
        >
          SLA
        </th>
        <th
          class="pf-v5-c-table__th"
          scope="col"
          tabindex="-1"
        >
          Usage
        </th>
        <td
          class="pf-v5-c-table__td"
          tabindex="-1"
        />
      </tr>
    </thead>
    <tbody
      class="pf-v5-c-table__tbody"
      role="rowgroup"
    >
      <tr
        class="pf-v5-c-table__tr"
        data-ouia-component-id="OUIA-Generated-TableRow-2"
        data-ouia-component-type="PF5/TableRow"
        data-ouia-safe="true"
      >
        <td
          class="pf-v5-c-table__td pf-m-break-word"
          data-label="Key Name"
          tabindex="-1"
        >
          <a
            href="/connector/test-key/A"
          >
             
            A
          </a>
        </td>
        <td
          class="pf-v5-c-table__td"
          data-label="Role"
          tabindex="-1"
        >
          B
        </td>
        <td
          class="pf-v5-c-table__td"
          data-label="SLA"
          tabindex="-1"
        >
          C
        </td>
        <td
          class="pf-v5-c-table__td"
          data-label="Usage"
          tabindex="-1"
        >
          D
        </td>
        <td
          class="pf-v5-c-table__td"
          tabindex="-1"
        >
          <div
            style="display: contents;"
          >
            <button
              aria-disabled="false"
              class="pf-v5-c-button pf-m-plain"
              data-ouia-component-id="OUIA-Generated-Button-plain-1"
              data-ouia-component-type="PF5/Button"
              data-ouia-safe="true"
              type="button"
            >
              <svg
                aria-hidden="true"
                class="pf-v5-svg"
                fill="currentColor"
                height="1em"
                role="img"
                viewBox="0 0 448 512"
                width="1em"
              >
                <path
                  d="M432 32H312l-9.4-18.7A24 24 0 0 0 281.1 0H166.8a23.72 23.72 0 0 0-21.4 13.3L136 32H16A16 16 0 0 0 0 48v32a16 16 0 0 0 16 16h416a16 16 0 0 0 16-16V48a16 16 0 0 0-16-16zM53.2 467a48 48 0 0 0 47.9 45h245.8a48 48 0 0 0 47.9-45L416 128H32z"
                />
              </svg>
            </button>
          </div>
        </td>
      </tr>
    </tbody>
  </table>
</div>
`;

exports[`ActivationKeysTable when loading renders the loading state 1`] = `
<div>
  <div
    class="pf-v5-l-bullseye"
  >
    <svg
      aria-label="Contents"
      aria-valuetext="Loading..."
      class="pf-v5-c-spinner pf-m-xl"
      role="progressbar"
      viewBox="0 0 100 100"
    >
      <circle
        class="pf-v5-c-spinner__path"
        cx="50"
        cy="50"
        fill="none"
        r="45"
      />
    </svg>
  </div>
</div>
`;

exports[`ActivationKeysTable when there is an error renders the error state 1`] = `
<div>
  <div>
    Unavailable
  </div>
</div>
`;
