// Jest Snapshot v1, https://goo.gl/fbAQLP

exports[`ActivationKeysTable renders correctly 1`] = `
<div>
  <table
    aria-label="ActivationKeys"
    class="pf-c-table pf-m-grid-md"
    data-ouia-component-id="00000000-0000-0000-0000-000000000000"
    data-ouia-component-type="PF4/Table"
    data-ouia-safe="true"
    role="grid"
  >
    <thead
      class=""
    >
      <tr
        class=""
        data-ouia-component-id="00000000-0000-0000-0000-000000000000"
        data-ouia-component-type="PF4/TableRow"
        data-ouia-safe="true"
      >
        <th
          class=""
          scope="col"
        >
          Key Name
        </th>
        <th
          class=""
          scope="col"
        >
          Role
        </th>
        <th
          class=""
          scope="col"
        >
          SLA
        </th>
        <th
          class=""
          scope="col"
        >
          Usage
        </th>
      </tr>
    </thead>
    <tbody
      class=""
      role="rowgroup"
    >
      <tr
        class=""
        data-ouia-component-id="00000000-0000-0000-0000-000000000000"
        data-ouia-component-type="PF4/TableRow"
        data-ouia-safe="true"
      >
        <td
          class=""
          data-label="Key Name"
        >
          A
        </td>
        <td
          class=""
          data-label="Role"
        >
          B
        </td>
        <td
          class=""
          data-label="Role"
        />
        <td
          class=""
          data-label="Role"
        >
          B
        </td>
      </tr>
    </tbody>
  </table>
</div>
`;

exports[`ActivationKeysTable when loading renders the loading state 1`] = `
<div>
  <div
    class="pf-l-bullseye"
  >
    <span
      aria-valuetext="Loading..."
      class="pf-c-spinner pf-m-xl"
      role="progressbar"
    >
      <span
        class="pf-c-spinner__clipper"
      />
      <span
        class="pf-c-spinner__lead-ball"
      />
      <span
        class="pf-c-spinner__tail-ball"
      />
    </span>
  </div>
</div>
`;

exports[`ActivationKeysTable when there is an error renders the error state 1`] = `
<div>
  <h1>
    Unavailable
  </h1>
</div>
`;
